  Determining projects to restore...
  All projects are up-to-date for restore.
H:\ScholarRescue\Views\Admin\OrderManagement.cshtml(1,41): error CS0234: The type or namespace name 'Order' does not exist in the namespace 'ScholarRescue.Models' (are you missing an assembly reference?) [H:\ScholarRescue\ScholarRescue.csproj]
H:\ScholarRescue\obj\Debug\net10.0\Microsoft.CodeAnalysis.Razor.Compiler\Microsoft.NET.Sdk.Razor.SourceGenerators.RazorSourceGenerator\Views_Admin_OrderManagement_cshtml.g.cs(969,104): error CS0234: The type or namespace name 'Order' does not exist in the namespace 'ScholarRescue.Models' (are you missing an assembly reference?) [H:\ScholarRescue\ScholarRescue.csproj]
H:\ScholarRescue\Views\Admin\PendingQa.cshtml(1,34): error CS0234: The type or namespace name 'Order' does not exist in the namespace 'ScholarRescue.Models' (are you missing an assembly reference?) [H:\ScholarRescue\ScholarRescue.csproj]
H:\ScholarRescue\obj\Debug\net10.0\Microsoft.CodeAnalysis.Razor.Compiler\Microsoft.NET.Sdk.Razor.SourceGenerators.RazorSourceGenerator\Views_Admin_PendingQa_cshtml.g.cs(304,97): error CS0234: The type or namespace name 'Order' does not exist in the namespace 'ScholarRescue.Models' (are you missing an assembly reference?) [H:\ScholarRescue\ScholarRescue.csproj]
H:\ScholarRescue\Services\Matching\WriterMatchingService.cs(103,78): error CS0246: The type or namespace name 'Order' could not be found (are you missing a using directive or an assembly reference?) [H:\ScholarRescue\ScholarRescue.csproj]
H:\ScholarRescue\Views\Payments\Checkout.cshtml(2,29): error CS0234: The type or namespace name 'Order' does not exist in the namespace 'ScholarRescue.Models' (are you missing an assembly reference?) [H:\ScholarRescue\ScholarRescue.csproj]
H:\ScholarRescue\obj\Debug\net10.0\Microsoft.CodeAnalysis.Razor.Compiler\Microsoft.NET.Sdk.Razor.SourceGenerators.RazorSourceGenerator\Views_Payments_Checkout_cshtml.g.cs(532,92): error CS0234: The type or namespace name 'Order' does not exist in the namespace 'ScholarRescue.Models' (are you missing an assembly reference?) [H:\ScholarRescue\ScholarRescue.csproj]
H:\ScholarRescue\Views\Writers\AvailableOrders.cshtml(1,41): error CS0234: The type or namespace name 'Order' does not exist in the namespace 'ScholarRescue.Models' (are you missing an assembly reference?) [H:\ScholarRescue\ScholarRescue.csproj]
H:\ScholarRescue\obj\Debug\net10.0\Microsoft.CodeAnalysis.Razor.Compiler\Microsoft.NET.Sdk.Razor.SourceGenerators.RazorSourceGenerator\Views_Writers_AvailableOrders_cshtml.g.cs(1282,104): error CS0234: The type or namespace name 'Order' does not exist in the namespace 'ScholarRescue.Models' (are you missing an assembly reference?) [H:\ScholarRescue\ScholarRescue.csproj]
H:\ScholarRescue\Views\Writers\OrderDetails.cshtml(1,29): error CS0234: The type or namespace name 'Order' does not exist in the namespace 'ScholarRescue.Models' (are you missing an assembly reference?) [H:\ScholarRescue\ScholarRescue.csproj]
H:\ScholarRescue\obj\Debug\net10.0\Microsoft.CodeAnalysis.Razor.Compiler\Microsoft.NET.Sdk.Razor.SourceGenerators.RazorSourceGenerator\Views_Writers_OrderDetails_cshtml.g.cs(719,92): error CS0234: The type or namespace name 'Order' does not exist in the namespace 'ScholarRescue.Models' (are you missing an assembly reference?) [H:\ScholarRescue\ScholarRescue.csproj]

Build FAILED.

H:\ScholarRescue\Views\Admin\OrderManagement.cshtml(1,41): error CS0234: The type or namespace name 'Order' does not exist in the namespace 'ScholarRescue.Models' (are you missing an assembly reference?) [H:\ScholarRescue\ScholarRescue.csproj]
H:\ScholarRescue\obj\Debug\net10.0\Microsoft.CodeAnalysis.Razor.Compiler\Microsoft.NET.Sdk.Razor.SourceGenerators.RazorSourceGenerator\Views_Admin_OrderManagement_cshtml.g.cs(969,104): error CS0234: The type or namespace name 'Order' does not exist in the namespace 'ScholarRescue.Models' (are you missing an assembly reference?) [H:\ScholarRescue\ScholarRescue.csproj]
H:\ScholarRescue\Views\Admin\PendingQa.cshtml(1,34): error CS0234: The type or namespace name 'Order' does not exist in the namespace 'ScholarRescue.Models' (are you missing an assembly reference?) [H:\ScholarRescue\ScholarRescue.csproj]
H:\ScholarRescue\obj\Debug\net10.0\Microsoft.CodeAnalysis.Razor.Compiler\Microsoft.NET.Sdk.Razor.SourceGenerators.RazorSourceGenerator\Views_Admin_PendingQa_cshtml.g.cs(304,97): error CS0234: The type or namespace name 'Order' does not exist in the namespace 'ScholarRescue.Models' (are you missing an assembly reference?) [H:\ScholarRescue\ScholarRescue.csproj]
H:\ScholarRescue\Services\Matching\WriterMatchingService.cs(103,78): error CS0246: The type or namespace name 'Order' could not be found (are you missing a using directive or an assembly reference?) [H:\ScholarRescue\ScholarRescue.csproj]
H:\ScholarRescue\Views\Payments\Checkout.cshtml(2,29): error CS0234: The type or namespace name 'Order' does not exist in the namespace 'ScholarRescue.Models' (are you missing an assembly reference?) [H:\ScholarRescue\ScholarRescue.csproj]
H:\ScholarRescue\obj\Debug\net10.0\Microsoft.CodeAnalysis.Razor.Compiler\Microsoft.NET.Sdk.Razor.SourceGenerators.RazorSourceGenerator\Views_Payments_Checkout_cshtml.g.cs(532,92): error CS0234: The type or namespace name 'Order' does not exist in the namespace 'ScholarRescue.Models' (are you missing an assembly reference?) [H:\ScholarRescue\ScholarRescue.csproj]
H:\ScholarRescue\Views\Writers\AvailableOrders.cshtml(1,41): error CS0234: The type or namespace name 'Order' does not exist in the namespace 'ScholarRescue.Models' (are you missing an assembly reference?) [H:\ScholarRescue\ScholarRescue.csproj]
H:\ScholarRescue\obj\Debug\net10.0\Microsoft.CodeAnalysis.Razor.Compiler\Microsoft.NET.Sdk.Razor.SourceGenerators.RazorSourceGenerator\Views_Writers_AvailableOrders_cshtml.g.cs(1282,104): error CS0234: The type or namespace name 'Order' does not exist in the namespace 'ScholarRescue.Models' (are you missing an assembly reference?) [H:\ScholarRescue\ScholarRescue.csproj]
H:\ScholarRescue\Views\Writers\OrderDetails.cshtml(1,29): error CS0234: The type or namespace name 'Order' does not exist in the namespace 'ScholarRescue.Models' (are you missing an assembly reference?) [H:\ScholarRescue\ScholarRescue.csproj]
H:\ScholarRescue\obj\Debug\net10.0\Microsoft.CodeAnalysis.Razor.Compiler\Microsoft.NET.Sdk.Razor.SourceGenerators.RazorSourceGenerator\Views_Writers_OrderDetails_cshtml.g.cs(719,92): error CS0234: The type or namespace name 'Order' does not exist in the namespace 'ScholarRescue.Models' (are you missing an assembly reference?) [H:\ScholarRescue\ScholarRescue.csproj]
    0 Warning(s)
    11 Error(s)

Time Elapsed 00:00:07.06
