  Determining projects to restore...
  All projects are up-to-date for restore.
  ScholarRescue -> H:\ScholarRescue\bin\Debug\net10.0\ScholarRescue.dll

Build succeeded.
    0 Warning(s)
    0 Error(s)

Time Elapsed 00:00:34.39
